// Vitest Snapshot v1, https://vitest.dev/guide/snapshot.html

exports[`api integration > serves heartbeat and openapi 1`] = `
{
  "components": {
    "schemas": {
      "ErrorResponse": {
        "properties": {
          "error": {
            "description": "Human-readable error message.",
            "example": "not found",
            "type": "string",
          },
        },
        "required": [
          "error",
        ],
        "type": "object",
      },
    },
    "securitySchemes": {
      "ApiTokenAuth": {
        "description": "OnlyDoge API token returned once by \`POST /v1/keys\`. Only a token hash is stored, so the token cannot be recovered later. The first key can be created without authentication; subsequent protected requests require this header.",
        "in": "header",
        "name": "x-api-token",
        "type": "apiKey",
      },
    },
  },
  "info": {
    "description": "Dogecoin explorer and analytics API. Use \`/v1/keys\` to bootstrap an API token, then send it in the \`x-api-token\` header for protected \`/v1\` routes.",
    "title": "OnlyDoge API",
    "version": "0.1.0",
  },
  "openapi": "3.1.2",
  "paths": {
    "/v1/analytics/query": {
      "post": {
        "description": "Executes generated SQL against the curated finalized Dogecoin analytics surface after validation, preflight, rate limiting, and ClickHouse resource limits.",
        "operationId": "postV1AnalyticsQuery",
        "requestBody": {
          "content": {
            "application/json": {
              "schema": {
                "properties": {
                  "from": {
                    "description": "Inclusive window start as ISO-8601 or Unix seconds.",
                    "examples": [
                      "2026-05-30T00:00:00.000Z",
                    ],
                    "type": "string",
                  },
                  "limit": {
                    "description": "Server-bound result limit placeholder value. Maximum 1000.",
                    "examples": [
                      100,
                    ],
                    "type": "number",
                  },
                  "sql": {
                    "description": "Generated SQL. It must be a single SELECT against the curated analytics schema and use OnlyDoge placeholders.",
                    "type": "string",
                  },
                  "to": {
                    "description": "Exclusive window end as ISO-8601 or Unix seconds.",
                    "examples": [
                      "2026-05-31T00:00:00.000Z",
                    ],
                    "type": "string",
                  },
                },
                "required": [
                  "sql",
                  "from",
                  "to",
                ],
                "type": "object",
              },
            },
            "application/x-www-form-urlencoded": {
              "schema": {
                "properties": {
                  "from": {
                    "description": "Inclusive window start as ISO-8601 or Unix seconds.",
                    "examples": [
                      "2026-05-30T00:00:00.000Z",
                    ],
                    "type": "string",
                  },
                  "limit": {
                    "description": "Server-bound result limit placeholder value. Maximum 1000.",
                    "examples": [
                      100,
                    ],
                    "type": "number",
                  },
                  "sql": {
                    "description": "Generated SQL. It must be a single SELECT against the curated analytics schema and use OnlyDoge placeholders.",
                    "type": "string",
                  },
                  "to": {
                    "description": "Exclusive window end as ISO-8601 or Unix seconds.",
                    "examples": [
                      "2026-05-31T00:00:00.000Z",
                    ],
                    "type": "string",
                  },
                },
                "required": [
                  "sql",
                  "from",
                  "to",
                ],
                "type": "object",
              },
            },
            "multipart/form-data": {
              "schema": {
                "properties": {
                  "from": {
                    "description": "Inclusive window start as ISO-8601 or Unix seconds.",
                    "examples": [
                      "2026-05-30T00:00:00.000Z",
                    ],
                    "type": "string",
                  },
                  "limit": {
                    "description": "Server-bound result limit placeholder value. Maximum 1000.",
                    "examples": [
                      100,
                    ],
                    "type": "number",
                  },
                  "sql": {
                    "description": "Generated SQL. It must be a single SELECT against the curated analytics schema and use OnlyDoge placeholders.",
                    "type": "string",
                  },
                  "to": {
                    "description": "Exclusive window end as ISO-8601 or Unix seconds.",
                    "examples": [
                      "2026-05-31T00:00:00.000Z",
                    ],
                    "type": "string",
                  },
                },
                "required": [
                  "sql",
                  "from",
                  "to",
                ],
                "type": "object",
              },
            },
          },
          "required": true,
        },
        "security": [
          {
            "ApiTokenAuth": [],
          },
        ],
        "summary": "Run guarded AI analytics SQL",
        "tags": [
          "Analytics",
        ],
      },
    },
    "/v1/analytics/schema": {
      "get": {
        "description": "Returns the curated ClickHouse analytics schema, required placeholders, constraints, and examples for AI SQL generation.",
        "operationId": "getV1AnalyticsSchema",
        "security": [
          {
            "ApiTokenAuth": [],
          },
        ],
        "summary": "Get AI analytics schema",
        "tags": [
          "Analytics",
        ],
      },
    },
    "/v1/audit/events": {
      "get": {
        "description": "Lists audit events. Admin API keys can read all events; member API keys can read only their own actor events.",
        "operationId": "getV1AuditEvents",
        "parameters": [
          {
            "in": "query",
            "name": "actor",
            "required": false,
            "schema": {
              "description": "Actor API key id.",
              "examples": [
                "key_operator",
              ],
              "type": "string",
            },
          },
          {
            "in": "query",
            "name": "from",
            "required": false,
            "schema": {
              "description": "Inclusive lower bound for event creation time as ISO-8601.",
              "type": "string",
            },
          },
          {
            "in": "query",
            "name": "to",
            "required": false,
            "schema": {
              "description": "Exclusive upper bound for event creation time as ISO-8601.",
              "type": "string",
            },
          },
          {
            "in": "query",
            "name": "method",
            "required": false,
            "schema": {
              "description": "HTTP method.",
              "examples": [
                "POST",
              ],
              "type": "string",
            },
          },
          {
            "in": "query",
            "name": "outcome",
            "required": false,
            "schema": {
              "enum": [
                "success",
                "failure",
                "denied",
                "rate_limited",
              ],
              "type": "string",
            },
          },
          {
            "in": "query",
            "name": "resourceId",
            "required": false,
            "schema": {
              "description": "Resource id recorded for the request.",
              "type": "string",
            },
          },
          {
            "in": "query",
            "name": "resourceType",
            "required": false,
            "schema": {
              "description": "Resource type recorded for the request.",
              "type": "string",
            },
          },
          {
            "in": "query",
            "name": "statusCode",
            "required": false,
            "schema": {
              "description": "HTTP status code.",
              "examples": [
                "403",
              ],
              "type": "string",
            },
          },
          {
            "in": "query",
            "name": "offset",
            "required": false,
            "schema": {
              "description": "Zero-based number of records to skip. Maximum 100000.",
              "examples": [
                "0",
                "25",
              ],
              "type": "string",
            },
          },
          {
            "in": "query",
            "name": "limit",
            "required": false,
            "schema": {
              "description": "Maximum number of records to return. Defaults to 50; maximum 500. Values above the maximum return a validation error.",
              "examples": [
                "25",
                "100",
              ],
              "type": "string",
            },
          },
        ],
        "security": [
          {
            "ApiTokenAuth": [],
          },
        ],
        "summary": "List audit events",
        "tags": [
          "Access Control",
        ],
      },
    },
    "/v1/explorer/addresses/{address}": {
      "get": {
        "description": "Returns a canonical address balance summary.",
        "operationId": "getV1ExplorerAddressesByAddress",
        "parameters": [
          {
            "in": "path",
            "name": "address",
            "required": true,
            "schema": {
              "description": "Dogecoin address.",
              "examples": [
                "DTestAddress123",
              ],
              "type": "string",
            },
          },
        ],
        "security": [
          {
            "ApiTokenAuth": [],
          },
        ],
        "summary": "Get address",
        "tags": [
          "Explorer",
        ],
      },
    },
    "/v1/explorer/addresses/{address}/transactions": {
      "get": {
        "description": "Returns reverse-chronological transaction history for a Dogecoin address.",
        "operationId": "getV1ExplorerAddressesByAddressTransactions",
        "parameters": [
          {
            "in": "path",
            "name": "address",
            "required": true,
            "schema": {
              "description": "Dogecoin address.",
              "examples": [
                "DTestAddress123",
              ],
              "type": "string",
            },
          },
          {
            "in": "query",
            "name": "offset",
            "required": false,
            "schema": {
              "description": "Zero-based number of records to skip. Maximum 100000.",
              "examples": [
                "0",
                "25",
              ],
              "type": "string",
            },
          },
          {
            "in": "query",
            "name": "limit",
            "required": false,
            "schema": {
              "description": "Maximum number of records to return. Defaults to 50; maximum 500. Values above the maximum return a validation error.",
              "examples": [
                "20",
                "50",
              ],
              "type": "string",
            },
          },
        ],
        "security": [
          {
            "ApiTokenAuth": [],
          },
        ],
        "summary": "List address transactions",
        "tags": [
          "Explorer",
        ],
      },
    },
    "/v1/explorer/addresses/{address}/utxos": {
      "get": {
        "description": "Returns current spendable UTXOs for a Dogecoin address.",
        "operationId": "getV1ExplorerAddressesByAddressUtxos",
        "parameters": [
          {
            "in": "path",
            "name": "address",
            "required": true,
            "schema": {
              "description": "Dogecoin address.",
              "examples": [
                "DTestAddress123",
              ],
              "type": "string",
            },
          },
          {
            "in": "query",
            "name": "offset",
            "required": false,
            "schema": {
              "description": "Zero-based number of records to skip. Maximum 100000.",
              "examples": [
                "0",
                "25",
              ],
              "type": "string",
            },
          },
          {
            "in": "query",
            "name": "limit",
            "required": false,
            "schema": {
              "description": "Maximum number of records to return. Defaults to 50; maximum 500. Values above the maximum return a validation error.",
              "examples": [
                "20",
                "50",
              ],
              "type": "string",
            },
          },
        ],
        "security": [
          {
            "ApiTokenAuth": [],
          },
        ],
        "summary": "List address UTXOs",
        "tags": [
          "Explorer",
        ],
      },
    },
    "/v1/explorer/blocks": {
      "get": {
        "description": "Lists recent raw-synced Dogecoin blocks in descending chain order.",
        "operationId": "getV1ExplorerBlocks",
        "parameters": [
          {
            "in": "query",
            "name": "offset",
            "required": false,
            "schema": {
              "description": "Zero-based number of records to skip. Maximum 100000.",
              "examples": [
                "0",
                "25",
              ],
              "type": "string",
            },
          },
          {
            "in": "query",
            "name": "limit",
            "required": false,
            "schema": {
              "description": "Maximum number of records to return. Defaults to 50; maximum 500. Values above the maximum return a validation error.",
              "examples": [
                "20",
                "50",
              ],
              "type": "string",
            },
          },
        ],
        "security": [
          {
            "ApiTokenAuth": [],
          },
        ],
        "summary": "List blocks",
        "tags": [
          "Explorer",
        ],
      },
    },
    "/v1/explorer/blocks/{ref}": {
      "get": {
        "description": "Returns a block summary and a bounded page of transaction summaries by raw-synced height or indexed block hash. Transaction indexes remain relative to the full block.",
        "operationId": "getV1ExplorerBlocksByRef",
        "parameters": [
          {
            "in": "path",
            "name": "ref",
            "required": true,
            "schema": {
              "description": "Block height or block hash.",
              "examples": [
                "123456",
                "0000000000000000000000000000000000000000000000000000000000000000",
              ],
              "type": "string",
            },
          },
          {
            "in": "query",
            "name": "offset",
            "required": false,
            "schema": {
              "description": "Zero-based number of records to skip. Maximum 100000.",
              "examples": [
                "0",
                "25",
              ],
              "type": "string",
            },
          },
          {
            "in": "query",
            "name": "limit",
            "required": false,
            "schema": {
              "description": "Maximum number of records to return. Defaults to 50; maximum 500. Values above the maximum return a validation error.",
              "examples": [
                "20",
                "50",
              ],
              "type": "string",
            },
          },
        ],
        "security": [
          {
            "ApiTokenAuth": [],
          },
        ],
        "summary": "Get block",
        "tags": [
          "Explorer",
        ],
      },
    },
    "/v1/explorer/mempool": {
      "get": {
        "description": "Returns a bounded realtime snapshot of the Dogecoin node mempool, ordered by newest node-reported entry time first.",
        "operationId": "getV1ExplorerMempool",
        "parameters": [
          {
            "in": "query",
            "name": "offset",
            "required": false,
            "schema": {
              "description": "Zero-based number of records to skip. Maximum 100000.",
              "examples": [
                "0",
                "25",
              ],
              "type": "string",
            },
          },
          {
            "in": "query",
            "name": "limit",
            "required": false,
            "schema": {
              "description": "Maximum number of records to return. Defaults to 50; maximum 500. Values above the maximum return a validation error.",
              "examples": [
                "20",
                "50",
              ],
              "type": "string",
            },
          },
        ],
        "security": [
          {
            "ApiTokenAuth": [],
          },
        ],
        "summary": "List mempool transactions",
        "tags": [
          "Explorer",
        ],
      },
    },
    "/v1/explorer/mempool/watch": {
      "get": {
        "description": "Opens a one-shot SSE session for a single Dogecoin receive address. Emits mempool.watch.appeared on the first matching mempool output (or catch-up hit), otherwise mempool.watch.timeout after five minutes. Up to five concurrent sessions per API key.",
        "operationId": "getV1ExplorerMempoolWatch",
        "parameters": [
          {
            "in": "query",
            "name": "address",
            "required": true,
            "schema": {
              "description": "Dogecoin address to watch for receiving outputs in the mempool.",
              "examples": [
                "DTestAddress123",
              ],
              "type": "string",
            },
          },
          {
            "in": "query",
            "name": "minValueBase",
            "required": false,
            "schema": {
              "description": "Optional minimum sum of matching output values in base units (1 DOGE = 100000000).",
              "examples": [
                "100000000",
              ],
              "type": "string",
            },
          },
        ],
        "security": [
          {
            "ApiTokenAuth": [],
          },
        ],
        "summary": "Watch mempool address",
        "tags": [
          "Explorer",
        ],
      },
    },
    "/v1/explorer/search": {
      "get": {
        "description": "Searches the indexed Dogecoin explorer by block height, block hash, txid, or address.",
        "operationId": "getV1ExplorerSearch",
        "parameters": [
          {
            "in": "query",
            "name": "q",
            "required": false,
            "schema": {
              "description": "Block height, block hash, transaction id, or Dogecoin address.",
              "examples": [
                "123456",
                "DTestAddress123",
              ],
              "type": "string",
            },
          },
        ],
        "security": [
          {
            "ApiTokenAuth": [],
          },
        ],
        "summary": "Search explorer",
        "tags": [
          "Explorer",
        ],
      },
    },
    "/v1/explorer/transactions/{txid}": {
      "get": {
        "description": "Returns a Dogecoin transaction with inputs, outputs, fees, and spend status.",
        "operationId": "getV1ExplorerTransactionsByTxid",
        "parameters": [
          {
            "in": "path",
            "name": "txid",
            "required": true,
            "schema": {
              "description": "Dogecoin transaction id.",
              "examples": [
                "doge-tx-2",
              ],
              "type": "string",
            },
          },
        ],
        "security": [
          {
            "ApiTokenAuth": [],
          },
        ],
        "summary": "Get transaction",
        "tags": [
          "Explorer",
        ],
      },
    },
    "/v1/heartbeat/": {
      "get": {
        "description": "Public lightweight health check for API uptime probes.",
        "operationId": "getV1Heartbeat",
        "responses": {
          "204": {
            "description": "API is reachable.",
          },
        },
        "summary": "Heartbeat",
        "tags": [
          "Health",
        ],
      },
    },
    "/v1/keys/": {
      "delete": {
        "description": "Deletes one or more API keys by id.",
        "operationId": "deleteV1Keys",
        "requestBody": {
          "content": {
            "application/json": {
              "schema": {
                "properties": {
                  "keys": {
                    "description": "API key ids to delete.",
                    "items": {
                      "description": "API key id.",
                      "examples": [
                        "key_operator",
                      ],
                      "type": "string",
                    },
                    "type": "array",
                  },
                },
                "required": [
                  "keys",
                ],
                "type": "object",
              },
            },
            "application/x-www-form-urlencoded": {
              "schema": {
                "properties": {
                  "keys": {
                    "description": "API key ids to delete.",
                    "items": {
                      "description": "API key id.",
                      "examples": [
                        "key_operator",
                      ],
                      "type": "string",
                    },
                    "type": "array",
                  },
                },
                "required": [
                  "keys",
                ],
                "type": "object",
              },
            },
            "multipart/form-data": {
              "schema": {
                "properties": {
                  "keys": {
                    "description": "API key ids to delete.",
                    "items": {
                      "description": "API key id.",
                      "examples": [
                        "key_operator",
                      ],
                      "type": "string",
                    },
                    "type": "array",
                  },
                },
                "required": [
                  "keys",
                ],
                "type": "object",
              },
            },
          },
          "required": true,
        },
        "responses": {
          "204": {
            "description": "API keys deleted.",
          },
        },
        "security": [
          {
            "ApiTokenAuth": [],
          },
        ],
        "summary": "Delete API keys",
        "tags": [
          "Access Control",
        ],
      },
      "get": {
        "description": "Lists API key metadata. API tokens are only returned once in the \`POST /v1/keys\` response \`key\` field and are omitted here.",
        "operationId": "getV1Keys",
        "parameters": [
          {
            "in": "query",
            "name": "offset",
            "required": false,
            "schema": {
              "description": "Zero-based number of records to skip. Maximum 100000.",
              "examples": [
                "0",
                "25",
              ],
              "type": "string",
            },
          },
          {
            "in": "query",
            "name": "limit",
            "required": false,
            "schema": {
              "description": "Maximum number of records to return. Defaults to 50; maximum 500. Values above the maximum return a validation error.",
              "examples": [
                "25",
                "100",
              ],
              "type": "string",
            },
          },
        ],
        "security": [
          {
            "ApiTokenAuth": [],
          },
        ],
        "summary": "List API keys",
        "tags": [
          "Access Control",
        ],
      },
      "post": {
        "description": "Creates an API key and returns its API token once in the response \`key\` field. OnlyDoge stores only a token hash, so the returned API token cannot be recovered later. The first key can be created without authentication as an admin key; after one key exists this route requires an admin API key.",
        "operationId": "postV1Keys",
        "requestBody": {
          "content": {
            "application/json": {
              "schema": {
                "properties": {
                  "id": {
                    "description": "Optional key id. If omitted, OnlyDoge generates a \`key_\` id.",
                    "examples": [
                      "key_operator",
                    ],
                    "type": "string",
                  },
                  "role": {
                    "enum": [
                      "admin",
                      "member",
                    ],
                    "type": "string",
                  },
                },
                "type": "object",
              },
            },
            "application/x-www-form-urlencoded": {
              "schema": {
                "properties": {
                  "id": {
                    "description": "Optional key id. If omitted, OnlyDoge generates a \`key_\` id.",
                    "examples": [
                      "key_operator",
                    ],
                    "type": "string",
                  },
                  "role": {
                    "enum": [
                      "admin",
                      "member",
                    ],
                    "type": "string",
                  },
                },
                "type": "object",
              },
            },
            "multipart/form-data": {
              "schema": {
                "properties": {
                  "id": {
                    "description": "Optional key id. If omitted, OnlyDoge generates a \`key_\` id.",
                    "examples": [
                      "key_operator",
                    ],
                    "type": "string",
                  },
                  "role": {
                    "enum": [
                      "admin",
                      "member",
                    ],
                    "type": "string",
                  },
                },
                "type": "object",
              },
            },
          },
          "required": true,
        },
        "summary": "Create API key",
        "tags": [
          "Access Control",
        ],
      },
    },
    "/v1/keys/{id}": {
      "get": {
        "description": "Returns metadata for one API key without exposing its API token.",
        "operationId": "getV1KeysById",
        "parameters": [
          {
            "in": "path",
            "name": "id",
            "required": true,
            "schema": {
              "description": "API key id.",
              "examples": [
                "key_operator",
              ],
              "type": "string",
            },
          },
        ],
        "security": [
          {
            "ApiTokenAuth": [],
          },
        ],
        "summary": "Get API key",
        "tags": [
          "Access Control",
        ],
      },
      "put": {
        "description": "Activates or deactivates an API key. Deactivated keys can no longer authenticate protected routes.",
        "operationId": "putV1KeysById",
        "parameters": [
          {
            "in": "path",
            "name": "id",
            "required": true,
            "schema": {
              "description": "API key id.",
              "examples": [
                "key_operator",
              ],
              "type": "string",
            },
          },
        ],
        "requestBody": {
          "content": {
            "application/json": {
              "schema": {
                "properties": {
                  "isActive": {
                    "description": "Whether this key can authenticate requests.",
                    "examples": [
                      false,
                    ],
                    "type": "boolean",
                  },
                  "role": {
                    "enum": [
                      "admin",
                      "member",
                    ],
                    "type": "string",
                  },
                },
                "type": "object",
              },
            },
            "application/x-www-form-urlencoded": {
              "schema": {
                "properties": {
                  "isActive": {
                    "description": "Whether this key can authenticate requests.",
                    "examples": [
                      false,
                    ],
                    "type": "boolean",
                  },
                  "role": {
                    "enum": [
                      "admin",
                      "member",
                    ],
                    "type": "string",
                  },
                },
                "type": "object",
              },
            },
            "multipart/form-data": {
              "schema": {
                "properties": {
                  "isActive": {
                    "description": "Whether this key can authenticate requests.",
                    "examples": [
                      false,
                    ],
                    "type": "boolean",
                  },
                  "role": {
                    "enum": [
                      "admin",
                      "member",
                    ],
                    "type": "string",
                  },
                },
                "type": "object",
              },
            },
          },
          "required": true,
        },
        "responses": {
          "204": {
            "description": "API key updated.",
          },
        },
        "security": [
          {
            "ApiTokenAuth": [],
          },
        ],
        "summary": "Update API key",
        "tags": [
          "Access Control",
        ],
      },
    },
    "/v1/status/": {
      "get": {
        "description": "Public indexer progress: stage, node tip, sync/process tails, throughput, ETA, readiness flags, and the last (redacted) error.",
        "operationId": "getV1Status",
        "responses": {
          "200": {
            "description": "Current indexer status.",
          },
        },
        "summary": "Indexer status",
        "tags": [
          "Health",
        ],
      },
    },
  },
  "servers": [
    {
      "description": "Current API origin",
      "url": "/",
    },
  ],
  "tags": [
    {
      "description": "Bootstrap, inspect, deactivate, and delete API keys.",
      "name": "Access Control",
    },
    {
      "description": "Read indexed Dogecoin blocks, transactions, addresses, UTXOs, and search results.",
      "name": "Explorer",
    },
    {
      "description": "Run guarded AI-generated ClickHouse SQL against curated Dogecoin analytics facts.",
      "name": "Analytics",
    },
    {
      "description": "Public runtime health checks.",
      "name": "Health",
    },
  ],
}
`;
