// Vitest Snapshot v1, https://vitest.dev/guide/snapshot.html

exports[`api integration > serves heartbeat and openapi 1`] = `
{
  "components": {
    "schemas": {
      "ErrorResponse": {
        "properties": {
          "error": {
            "description": "Human-readable error message.",
            "example": "not found",
            "type": "string",
          },
        },
        "required": [
          "error",
        ],
        "type": "object",
      },
    },
    "securitySchemes": {
      "ApiTokenAuth": {
        "description": "OnlyDoge API token returned once by \`POST /v1/keys\`. The first key can be created without authentication; subsequent protected requests require this header.",
        "in": "header",
        "name": "x-api-token",
        "type": "apiKey",
      },
    },
  },
  "info": {
    "description": "Dogecoin-first investigation and explorer API. Use \`/v1/keys\` to bootstrap an API token, then send it in the \`x-api-token\` header for protected \`/v1\` routes.",
    "title": "OnlyDoge API",
    "version": "0.1.0",
  },
  "openapi": "3.0.3",
  "paths": {
    "/v1/addresses/": {
      "delete": {
        "description": "Soft-deletes one or more address labels by id.",
        "operationId": "deleteV1Addresses",
        "requestBody": {
          "content": {
            "application/json": {
              "schema": {
                "properties": {
                  "addresses": {
                    "description": "Address label ids to delete.",
                    "items": {
                      "description": "Address label id.",
                      "examples": [
                        "adr_hot_wallet",
                      ],
                      "type": "string",
                    },
                    "type": "array",
                  },
                },
                "required": [
                  "addresses",
                ],
                "type": "object",
              },
            },
            "application/x-www-form-urlencoded": {
              "schema": {
                "properties": {
                  "addresses": {
                    "description": "Address label ids to delete.",
                    "items": {
                      "description": "Address label id.",
                      "examples": [
                        "adr_hot_wallet",
                      ],
                      "type": "string",
                    },
                    "type": "array",
                  },
                },
                "required": [
                  "addresses",
                ],
                "type": "object",
              },
            },
            "multipart/form-data": {
              "schema": {
                "properties": {
                  "addresses": {
                    "description": "Address label ids to delete.",
                    "items": {
                      "description": "Address label id.",
                      "examples": [
                        "adr_hot_wallet",
                      ],
                      "type": "string",
                    },
                    "type": "array",
                  },
                },
                "required": [
                  "addresses",
                ],
                "type": "object",
              },
            },
          },
          "required": true,
        },
        "responses": {
          "204": {
            "description": "Address labels deleted.",
          },
        },
        "security": [
          {
            "ApiTokenAuth": [],
          },
        ],
        "summary": "Delete address labels",
        "tags": [
          "Entity Labeling",
        ],
      },
      "get": {
        "description": "Lists active address labels with related network summaries.",
        "operationId": "getV1Addresses",
        "parameters": [
          {
            "in": "query",
            "name": "offset",
            "required": false,
            "schema": {
              "description": "Zero-based number of records to skip.",
              "examples": [
                "0",
                "25",
              ],
              "type": "string",
            },
          },
          {
            "in": "query",
            "name": "limit",
            "required": false,
            "schema": {
              "description": "Maximum number of records to return.",
              "examples": [
                "25",
                "100",
              ],
              "type": "string",
            },
          },
        ],
        "security": [
          {
            "ApiTokenAuth": [],
          },
        ],
        "summary": "List address labels",
        "tags": [
          "Entity Labeling",
        ],
      },
      "post": {
        "description": "Labels one or more Dogecoin addresses for an existing entity on an existing network.",
        "operationId": "postV1Addresses",
        "requestBody": {
          "content": {
            "application/json": {
              "schema": {
                "properties": {
                  "addresses": {
                    "description": "Address labels to create.",
                    "items": {
                      "properties": {
                        "address": {
                          "description": "Dogecoin address to label.",
                          "examples": [
                            "DTestAddress123",
                          ],
                          "type": "string",
                        },
                        "data": {
                          "description": "Free-form metadata for the record.",
                          "examples": [
                            {
                              "source": "case-note-123",
                            },
                          ],
                          "patternProperties": {
                            "^(.*)$": {},
                          },
                          "type": "object",
                        },
                        "description": {
                          "description": "Investigator-facing address description.",
                          "examples": [
                            "Hot wallet observed in case note 123.",
                          ],
                          "type": "string",
                        },
                      },
                      "required": [
                        "address",
                        "description",
                      ],
                      "type": "object",
                    },
                    "type": "array",
                  },
                  "entity": {
                    "description": "Entity id that owns these address labels.",
                    "examples": [
                      "ent_exchange",
                    ],
                    "type": "string",
                  },
                  "network": {
                    "description": "Network id for the address labels.",
                    "examples": [
                      "net_dogecoin",
                    ],
                    "type": "string",
                  },
                },
                "required": [
                  "entity",
                  "network",
                  "addresses",
                ],
                "type": "object",
              },
            },
            "application/x-www-form-urlencoded": {
              "schema": {
                "properties": {
                  "addresses": {
                    "description": "Address labels to create.",
                    "items": {
                      "properties": {
                        "address": {
                          "description": "Dogecoin address to label.",
                          "examples": [
                            "DTestAddress123",
                          ],
                          "type": "string",
                        },
                        "data": {
                          "description": "Free-form metadata for the record.",
                          "examples": [
                            {
                              "source": "case-note-123",
                            },
                          ],
                          "patternProperties": {
                            "^(.*)$": {},
                          },
                          "type": "object",
                        },
                        "description": {
                          "description": "Investigator-facing address description.",
                          "examples": [
                            "Hot wallet observed in case note 123.",
                          ],
                          "type": "string",
                        },
                      },
                      "required": [
                        "address",
                        "description",
                      ],
                      "type": "object",
                    },
                    "type": "array",
                  },
                  "entity": {
                    "description": "Entity id that owns these address labels.",
                    "examples": [
                      "ent_exchange",
                    ],
                    "type": "string",
                  },
                  "network": {
                    "description": "Network id for the address labels.",
                    "examples": [
                      "net_dogecoin",
                    ],
                    "type": "string",
                  },
                },
                "required": [
                  "entity",
                  "network",
                  "addresses",
                ],
                "type": "object",
              },
            },
            "multipart/form-data": {
              "schema": {
                "properties": {
                  "addresses": {
                    "description": "Address labels to create.",
                    "items": {
                      "properties": {
                        "address": {
                          "description": "Dogecoin address to label.",
                          "examples": [
                            "DTestAddress123",
                          ],
                          "type": "string",
                        },
                        "data": {
                          "description": "Free-form metadata for the record.",
                          "examples": [
                            {
                              "source": "case-note-123",
                            },
                          ],
                          "patternProperties": {
                            "^(.*)$": {},
                          },
                          "type": "object",
                        },
                        "description": {
                          "description": "Investigator-facing address description.",
                          "examples": [
                            "Hot wallet observed in case note 123.",
                          ],
                          "type": "string",
                        },
                      },
                      "required": [
                        "address",
                        "description",
                      ],
                      "type": "object",
                    },
                    "type": "array",
                  },
                  "entity": {
                    "description": "Entity id that owns these address labels.",
                    "examples": [
                      "ent_exchange",
                    ],
                    "type": "string",
                  },
                  "network": {
                    "description": "Network id for the address labels.",
                    "examples": [
                      "net_dogecoin",
                    ],
                    "type": "string",
                  },
                },
                "required": [
                  "entity",
                  "network",
                  "addresses",
                ],
                "type": "object",
              },
            },
          },
          "required": true,
        },
        "security": [
          {
            "ApiTokenAuth": [],
          },
        ],
        "summary": "Create address labels",
        "tags": [
          "Entity Labeling",
        ],
      },
    },
    "/v1/addresses/{id}": {
      "get": {
        "description": "Returns one address label and its related network summary.",
        "operationId": "getV1AddressesById",
        "parameters": [
          {
            "in": "path",
            "name": "id",
            "required": true,
            "schema": {
              "description": "Address label id.",
              "examples": [
                "adr_hot_wallet",
              ],
              "type": "string",
            },
          },
        ],
        "security": [
          {
            "ApiTokenAuth": [],
          },
        ],
        "summary": "Get address label",
        "tags": [
          "Entity Labeling",
        ],
      },
    },
    "/v1/entities/": {
      "delete": {
        "description": "Soft-deletes one or more entities and their associated address labels.",
        "operationId": "deleteV1Entities",
        "requestBody": {
          "content": {
            "application/json": {
              "schema": {
                "properties": {
                  "entities": {
                    "description": "Entity ids to delete.",
                    "items": {
                      "description": "Entity id.",
                      "examples": [
                        "ent_exchange",
                      ],
                      "type": "string",
                    },
                    "type": "array",
                  },
                },
                "required": [
                  "entities",
                ],
                "type": "object",
              },
            },
            "application/x-www-form-urlencoded": {
              "schema": {
                "properties": {
                  "entities": {
                    "description": "Entity ids to delete.",
                    "items": {
                      "description": "Entity id.",
                      "examples": [
                        "ent_exchange",
                      ],
                      "type": "string",
                    },
                    "type": "array",
                  },
                },
                "required": [
                  "entities",
                ],
                "type": "object",
              },
            },
            "multipart/form-data": {
              "schema": {
                "properties": {
                  "entities": {
                    "description": "Entity ids to delete.",
                    "items": {
                      "description": "Entity id.",
                      "examples": [
                        "ent_exchange",
                      ],
                      "type": "string",
                    },
                    "type": "array",
                  },
                },
                "required": [
                  "entities",
                ],
                "type": "object",
              },
            },
          },
          "required": true,
        },
        "responses": {
          "204": {
            "description": "Entities deleted.",
          },
        },
        "security": [
          {
            "ApiTokenAuth": [],
          },
        ],
        "summary": "Delete entities",
        "tags": [
          "Entity Labeling",
        ],
      },
      "get": {
        "description": "Lists active investigation entities with related tag, address, and network context.",
        "operationId": "getV1Entities",
        "parameters": [
          {
            "in": "query",
            "name": "offset",
            "required": false,
            "schema": {
              "description": "Zero-based number of records to skip.",
              "examples": [
                "0",
                "25",
              ],
              "type": "string",
            },
          },
          {
            "in": "query",
            "name": "limit",
            "required": false,
            "schema": {
              "description": "Maximum number of records to return.",
              "examples": [
                "25",
                "100",
              ],
              "type": "string",
            },
          },
        ],
        "security": [
          {
            "ApiTokenAuth": [],
          },
        ],
        "summary": "List entities",
        "tags": [
          "Entity Labeling",
        ],
      },
      "post": {
        "description": "Creates an investigation entity and optionally assigns existing risk tags.",
        "operationId": "postV1Entities",
        "requestBody": {
          "content": {
            "application/json": {
              "schema": {
                "properties": {
                  "data": {
                    "description": "Free-form metadata for the record.",
                    "examples": [
                      {
                        "source": "case-note-123",
                      },
                    ],
                    "patternProperties": {
                      "^(.*)$": {},
                    },
                    "type": "object",
                  },
                  "description": {
                    "description": "Investigator-facing entity description.",
                    "examples": [
                      "Exchange cluster from internal case notes.",
                    ],
                    "type": "string",
                  },
                  "id": {
                    "description": "Optional entity id. If omitted, OnlyDoge generates an \`ent_\` id.",
                    "examples": [
                      "ent_exchange",
                    ],
                    "type": "string",
                  },
                  "name": {
                    "anyOf": [
                      {
                        "description": "Optional display name.",
                        "examples": [
                          "Example Exchange",
                        ],
                        "type": "string",
                      },
                      {
                        "type": "null",
                      },
                    ],
                    "nullable": true,
                  },
                  "tags": {
                    "description": "Existing tags to assign to the entity.",
                    "items": {
                      "description": "Tag id.",
                      "examples": [
                        "tag_sanctions",
                      ],
                      "type": "string",
                    },
                    "type": "array",
                  },
                },
                "required": [
                  "description",
                ],
                "type": "object",
              },
            },
            "application/x-www-form-urlencoded": {
              "schema": {
                "properties": {
                  "data": {
                    "description": "Free-form metadata for the record.",
                    "examples": [
                      {
                        "source": "case-note-123",
                      },
                    ],
                    "patternProperties": {
                      "^(.*)$": {},
                    },
                    "type": "object",
                  },
                  "description": {
                    "description": "Investigator-facing entity description.",
                    "examples": [
                      "Exchange cluster from internal case notes.",
                    ],
                    "type": "string",
                  },
                  "id": {
                    "description": "Optional entity id. If omitted, OnlyDoge generates an \`ent_\` id.",
                    "examples": [
                      "ent_exchange",
                    ],
                    "type": "string",
                  },
                  "name": {
                    "anyOf": [
                      {
                        "description": "Optional display name.",
                        "examples": [
                          "Example Exchange",
                        ],
                        "type": "string",
                      },
                      {
                        "type": "null",
                      },
                    ],
                    "nullable": true,
                  },
                  "tags": {
                    "description": "Existing tags to assign to the entity.",
                    "items": {
                      "description": "Tag id.",
                      "examples": [
                        "tag_sanctions",
                      ],
                      "type": "string",
                    },
                    "type": "array",
                  },
                },
                "required": [
                  "description",
                ],
                "type": "object",
              },
            },
            "multipart/form-data": {
              "schema": {
                "properties": {
                  "data": {
                    "description": "Free-form metadata for the record.",
                    "examples": [
                      {
                        "source": "case-note-123",
                      },
                    ],
                    "patternProperties": {
                      "^(.*)$": {},
                    },
                    "type": "object",
                  },
                  "description": {
                    "description": "Investigator-facing entity description.",
                    "examples": [
                      "Exchange cluster from internal case notes.",
                    ],
                    "type": "string",
                  },
                  "id": {
                    "description": "Optional entity id. If omitted, OnlyDoge generates an \`ent_\` id.",
                    "examples": [
                      "ent_exchange",
                    ],
                    "type": "string",
                  },
                  "name": {
                    "anyOf": [
                      {
                        "description": "Optional display name.",
                        "examples": [
                          "Example Exchange",
                        ],
                        "type": "string",
                      },
                      {
                        "type": "null",
                      },
                    ],
                    "nullable": true,
                  },
                  "tags": {
                    "description": "Existing tags to assign to the entity.",
                    "items": {
                      "description": "Tag id.",
                      "examples": [
                        "tag_sanctions",
                      ],
                      "type": "string",
                    },
                    "type": "array",
                  },
                },
                "required": [
                  "description",
                ],
                "type": "object",
              },
            },
          },
          "required": true,
        },
        "security": [
          {
            "ApiTokenAuth": [],
          },
        ],
        "summary": "Create entity",
        "tags": [
          "Entity Labeling",
        ],
      },
    },
    "/v1/entities/{id}": {
      "get": {
        "description": "Returns one entity with related tags, addresses, and network summaries.",
        "operationId": "getV1EntitiesById",
        "parameters": [
          {
            "in": "path",
            "name": "id",
            "required": true,
            "schema": {
              "description": "Entity id.",
              "examples": [
                "ent_exchange",
              ],
              "type": "string",
            },
          },
        ],
        "security": [
          {
            "ApiTokenAuth": [],
          },
        ],
        "summary": "Get entity",
        "tags": [
          "Entity Labeling",
        ],
      },
      "put": {
        "description": "Updates entity metadata and optionally replaces its assigned tag list.",
        "operationId": "putV1EntitiesById",
        "parameters": [
          {
            "in": "path",
            "name": "id",
            "required": true,
            "schema": {
              "description": "Entity id.",
              "examples": [
                "ent_exchange",
              ],
              "type": "string",
            },
          },
        ],
        "requestBody": {
          "content": {
            "application/json": {
              "schema": {
                "properties": {
                  "data": {
                    "description": "Free-form metadata for the record.",
                    "examples": [
                      {
                        "source": "case-note-123",
                      },
                    ],
                    "patternProperties": {
                      "^(.*)$": {},
                    },
                    "type": "object",
                  },
                  "description": {
                    "description": "Investigator-facing entity description.",
                    "examples": [
                      "Updated exchange cluster from internal case notes.",
                    ],
                    "type": "string",
                  },
                  "name": {
                    "anyOf": [
                      {
                        "description": "Optional display name. Send null to clear it.",
                        "examples": [
                          "Example Exchange",
                        ],
                        "type": "string",
                      },
                      {
                        "type": "null",
                      },
                    ],
                    "nullable": true,
                  },
                  "tags": {
                    "description": "Replacement list of tag ids assigned to the entity.",
                    "items": {
                      "description": "Tag id.",
                      "examples": [
                        "tag_sanctions",
                      ],
                      "type": "string",
                    },
                    "type": "array",
                  },
                },
                "type": "object",
              },
            },
            "application/x-www-form-urlencoded": {
              "schema": {
                "properties": {
                  "data": {
                    "description": "Free-form metadata for the record.",
                    "examples": [
                      {
                        "source": "case-note-123",
                      },
                    ],
                    "patternProperties": {
                      "^(.*)$": {},
                    },
                    "type": "object",
                  },
                  "description": {
                    "description": "Investigator-facing entity description.",
                    "examples": [
                      "Updated exchange cluster from internal case notes.",
                    ],
                    "type": "string",
                  },
                  "name": {
                    "anyOf": [
                      {
                        "description": "Optional display name. Send null to clear it.",
                        "examples": [
                          "Example Exchange",
                        ],
                        "type": "string",
                      },
                      {
                        "type": "null",
                      },
                    ],
                    "nullable": true,
                  },
                  "tags": {
                    "description": "Replacement list of tag ids assigned to the entity.",
                    "items": {
                      "description": "Tag id.",
                      "examples": [
                        "tag_sanctions",
                      ],
                      "type": "string",
                    },
                    "type": "array",
                  },
                },
                "type": "object",
              },
            },
            "multipart/form-data": {
              "schema": {
                "properties": {
                  "data": {
                    "description": "Free-form metadata for the record.",
                    "examples": [
                      {
                        "source": "case-note-123",
                      },
                    ],
                    "patternProperties": {
                      "^(.*)$": {},
                    },
                    "type": "object",
                  },
                  "description": {
                    "description": "Investigator-facing entity description.",
                    "examples": [
                      "Updated exchange cluster from internal case notes.",
                    ],
                    "type": "string",
                  },
                  "name": {
                    "anyOf": [
                      {
                        "description": "Optional display name. Send null to clear it.",
                        "examples": [
                          "Example Exchange",
                        ],
                        "type": "string",
                      },
                      {
                        "type": "null",
                      },
                    ],
                    "nullable": true,
                  },
                  "tags": {
                    "description": "Replacement list of tag ids assigned to the entity.",
                    "items": {
                      "description": "Tag id.",
                      "examples": [
                        "tag_sanctions",
                      ],
                      "type": "string",
                    },
                    "type": "array",
                  },
                },
                "type": "object",
              },
            },
          },
          "required": true,
        },
        "responses": {
          "204": {
            "description": "Entity updated.",
          },
        },
        "security": [
          {
            "ApiTokenAuth": [],
          },
        ],
        "summary": "Update entity",
        "tags": [
          "Entity Labeling",
        ],
      },
    },
    "/v1/explorer/addresses/{address}": {
      "get": {
        "description": "Returns an address balance summary with investigation overlay data.",
        "operationId": "getV1ExplorerAddressesByAddress",
        "parameters": [
          {
            "in": "path",
            "name": "address",
            "required": true,
            "schema": {
              "description": "Dogecoin address.",
              "examples": [
                "DTestAddress123",
              ],
              "type": "string",
            },
          },
          {
            "in": "query",
            "name": "network",
            "required": false,
            "schema": {
              "description": "Network id. Omit when a single Dogecoin network is configured and should be used as the default.",
              "examples": [
                "net_dogecoin",
              ],
              "type": "string",
            },
          },
        ],
        "security": [
          {
            "ApiTokenAuth": [],
          },
        ],
        "summary": "Get address",
        "tags": [
          "Explorer",
        ],
      },
    },
    "/v1/explorer/addresses/{address}/transactions": {
      "get": {
        "description": "Returns reverse-chronological transaction history for a Dogecoin address.",
        "operationId": "getV1ExplorerAddressesByAddressTransactions",
        "parameters": [
          {
            "in": "path",
            "name": "address",
            "required": true,
            "schema": {
              "description": "Dogecoin address.",
              "examples": [
                "DTestAddress123",
              ],
              "type": "string",
            },
          },
          {
            "in": "query",
            "name": "network",
            "required": false,
            "schema": {
              "description": "Network id. Omit when a single Dogecoin network is configured and should be used as the default.",
              "examples": [
                "net_dogecoin",
              ],
              "type": "string",
            },
          },
          {
            "in": "query",
            "name": "offset",
            "required": false,
            "schema": {
              "description": "Zero-based number of records to skip.",
              "examples": [
                "0",
                "25",
              ],
              "type": "string",
            },
          },
          {
            "in": "query",
            "name": "limit",
            "required": false,
            "schema": {
              "description": "Maximum number of records to return.",
              "examples": [
                "20",
                "50",
              ],
              "type": "string",
            },
          },
        ],
        "security": [
          {
            "ApiTokenAuth": [],
          },
        ],
        "summary": "List address transactions",
        "tags": [
          "Explorer",
        ],
      },
    },
    "/v1/explorer/addresses/{address}/utxos": {
      "get": {
        "description": "Returns current spendable UTXOs for a Dogecoin address.",
        "operationId": "getV1ExplorerAddressesByAddressUtxos",
        "parameters": [
          {
            "in": "path",
            "name": "address",
            "required": true,
            "schema": {
              "description": "Dogecoin address.",
              "examples": [
                "DTestAddress123",
              ],
              "type": "string",
            },
          },
          {
            "in": "query",
            "name": "network",
            "required": false,
            "schema": {
              "description": "Network id. Omit when a single Dogecoin network is configured and should be used as the default.",
              "examples": [
                "net_dogecoin",
              ],
              "type": "string",
            },
          },
          {
            "in": "query",
            "name": "offset",
            "required": false,
            "schema": {
              "description": "Zero-based number of records to skip.",
              "examples": [
                "0",
                "25",
              ],
              "type": "string",
            },
          },
          {
            "in": "query",
            "name": "limit",
            "required": false,
            "schema": {
              "description": "Maximum number of records to return.",
              "examples": [
                "20",
                "50",
              ],
              "type": "string",
            },
          },
        ],
        "security": [
          {
            "ApiTokenAuth": [],
          },
        ],
        "summary": "List address UTXOs",
        "tags": [
          "Explorer",
        ],
      },
    },
    "/v1/explorer/blocks": {
      "get": {
        "description": "Lists recent indexed Dogecoin blocks in descending chain order.",
        "operationId": "getV1ExplorerBlocks",
        "parameters": [
          {
            "in": "query",
            "name": "network",
            "required": false,
            "schema": {
              "description": "Network id. Omit when a single Dogecoin network is configured and should be used as the default.",
              "examples": [
                "net_dogecoin",
              ],
              "type": "string",
            },
          },
          {
            "in": "query",
            "name": "offset",
            "required": false,
            "schema": {
              "description": "Zero-based number of records to skip.",
              "examples": [
                "0",
                "25",
              ],
              "type": "string",
            },
          },
          {
            "in": "query",
            "name": "limit",
            "required": false,
            "schema": {
              "description": "Maximum number of records to return.",
              "examples": [
                "20",
                "50",
              ],
              "type": "string",
            },
          },
        ],
        "security": [
          {
            "ApiTokenAuth": [],
          },
        ],
        "summary": "List blocks",
        "tags": [
          "Explorer",
        ],
      },
    },
    "/v1/explorer/blocks/{ref}": {
      "get": {
        "description": "Returns a block summary and transaction summaries by indexed height or block hash.",
        "operationId": "getV1ExplorerBlocksByRef",
        "parameters": [
          {
            "in": "path",
            "name": "ref",
            "required": true,
            "schema": {
              "description": "Block height or block hash.",
              "examples": [
                "123456",
                "0000000000000000000000000000000000000000000000000000000000000000",
              ],
              "type": "string",
            },
          },
          {
            "in": "query",
            "name": "network",
            "required": false,
            "schema": {
              "description": "Network id. Omit when a single Dogecoin network is configured and should be used as the default.",
              "examples": [
                "net_dogecoin",
              ],
              "type": "string",
            },
          },
        ],
        "security": [
          {
            "ApiTokenAuth": [],
          },
        ],
        "summary": "Get block",
        "tags": [
          "Explorer",
        ],
      },
    },
    "/v1/explorer/networks": {
      "get": {
        "description": "Lists Dogecoin explorer networks and their indexing status. Use this first to discover the default network id.",
        "operationId": "getV1ExplorerNetworks",
        "security": [
          {
            "ApiTokenAuth": [],
          },
        ],
        "summary": "List explorer networks",
        "tags": [
          "Explorer",
        ],
      },
    },
    "/v1/explorer/search": {
      "get": {
        "description": "Searches the indexed Dogecoin explorer by block height, block hash, txid, or address.",
        "operationId": "getV1ExplorerSearch",
        "parameters": [
          {
            "in": "query",
            "name": "q",
            "required": false,
            "schema": {
              "description": "Block height, block hash, transaction id, or Dogecoin address.",
              "examples": [
                "123456",
                "DTestAddress123",
              ],
              "type": "string",
            },
          },
          {
            "in": "query",
            "name": "network",
            "required": false,
            "schema": {
              "description": "Network id. Omit when a single Dogecoin network is configured and should be used as the default.",
              "examples": [
                "net_dogecoin",
              ],
              "type": "string",
            },
          },
        ],
        "security": [
          {
            "ApiTokenAuth": [],
          },
        ],
        "summary": "Search explorer",
        "tags": [
          "Explorer",
        ],
      },
    },
    "/v1/explorer/transactions/{txid}": {
      "get": {
        "description": "Returns a Dogecoin transaction with inputs, outputs, and label overlays.",
        "operationId": "getV1ExplorerTransactionsByTxid",
        "parameters": [
          {
            "in": "path",
            "name": "txid",
            "required": true,
            "schema": {
              "description": "Dogecoin transaction id.",
              "examples": [
                "doge-tx-2",
              ],
              "type": "string",
            },
          },
          {
            "in": "query",
            "name": "network",
            "required": false,
            "schema": {
              "description": "Network id. Omit when a single Dogecoin network is configured and should be used as the default.",
              "examples": [
                "net_dogecoin",
              ],
              "type": "string",
            },
          },
        ],
        "security": [
          {
            "ApiTokenAuth": [],
          },
        ],
        "summary": "Get transaction",
        "tags": [
          "Explorer",
        ],
      },
    },
    "/v1/heartbeat/": {
      "get": {
        "description": "Public lightweight health check for API dependencies used by uptime probes.",
        "operationId": "getV1Heartbeat",
        "responses": {
          "204": {
            "description": "API dependencies are reachable.",
          },
        },
        "summary": "Heartbeat",
        "tags": [
          "Health",
        ],
      },
    },
    "/v1/info/": {
      "get": {
        "description": "Looks up a Dogecoin address or an entity id and returns known balances, linked sources, tags, risk summary, and related metadata. Example searches: \`?q=DTestAddress123\`, \`?q=ent_exampleentity\`.",
        "operationId": "getV1Info",
        "parameters": [
          {
            "in": "query",
            "name": "q",
            "required": false,
            "schema": {
              "description": "Address or entity id to investigate, for example \`DTestAddress123\` or \`ent_exampleentity\`.",
              "examples": [
                "DTestAddress123",
                "ent_exampleentity",
              ],
              "type": "string",
            },
          },
        ],
        "responses": {
          "200": {
            "content": {
              "application/json": {
                "examples": {
                  "addressLookup": {
                    "summary": "Address lookup with entity and risk context",
                    "value": {
                      "addresses": [
                        "DTestAddress123",
                      ],
                      "assets": [
                        {
                          "balance": "2500000000",
                          "network": "net_dogecoin",
                        },
                      ],
                      "entities": [
                        {
                          "data": {},
                          "description": "Tracked counterparty",
                          "id": "ent_exampleentity",
                          "name": "Example Entity",
                          "tags": [
                            "tag_sanctions",
                          ],
                        },
                      ],
                      "networks": [
                        {
                          "chainId": 0,
                          "id": "net_dogecoin",
                          "name": "Dogecoin Mainnet",
                        },
                      ],
                      "risk": {
                        "level": "high",
                        "reasons": [
                          "entity",
                          "source",
                        ],
                      },
                      "sources": [
                        {
                          "entity": "ent_sourceentity",
                          "from": "DSourceWallet456",
                          "hops": 2,
                          "network": "net_dogecoin",
                          "to": "DTestAddress123",
                        },
                      ],
                      "tags": [
                        {
                          "id": "tag_sanctions",
                          "name": "Sanctions",
                          "riskLevel": "high",
                        },
                      ],
                      "tokens": [],
                    },
                  },
                },
              },
            },
            "description": "Investigation result for the supplied address or entity.",
          },
          "400": {
            "content": {
              "application/json": {
                "examples": {
                  "missingQuery": {
                    "summary": "Missing q parameter",
                    "value": {
                      "error": "missing input params",
                    },
                  },
                },
              },
            },
            "description": "The query string is missing.",
          },
        },
        "security": [
          {
            "ApiTokenAuth": [],
          },
        ],
        "summary": "Investigate address or entity",
        "tags": [
          "Investigation",
        ],
      },
    },
    "/v1/keys/": {
      "delete": {
        "description": "Deletes one or more API keys by id.",
        "operationId": "deleteV1Keys",
        "requestBody": {
          "content": {
            "application/json": {
              "schema": {
                "properties": {
                  "keys": {
                    "description": "API key ids to delete.",
                    "items": {
                      "description": "API key id.",
                      "examples": [
                        "key_operator",
                      ],
                      "type": "string",
                    },
                    "type": "array",
                  },
                },
                "required": [
                  "keys",
                ],
                "type": "object",
              },
            },
            "application/x-www-form-urlencoded": {
              "schema": {
                "properties": {
                  "keys": {
                    "description": "API key ids to delete.",
                    "items": {
                      "description": "API key id.",
                      "examples": [
                        "key_operator",
                      ],
                      "type": "string",
                    },
                    "type": "array",
                  },
                },
                "required": [
                  "keys",
                ],
                "type": "object",
              },
            },
            "multipart/form-data": {
              "schema": {
                "properties": {
                  "keys": {
                    "description": "API key ids to delete.",
                    "items": {
                      "description": "API key id.",
                      "examples": [
                        "key_operator",
                      ],
                      "type": "string",
                    },
                    "type": "array",
                  },
                },
                "required": [
                  "keys",
                ],
                "type": "object",
              },
            },
          },
          "required": true,
        },
        "responses": {
          "204": {
            "description": "API keys deleted.",
          },
        },
        "security": [
          {
            "ApiTokenAuth": [],
          },
        ],
        "summary": "Delete API keys",
        "tags": [
          "Access Control",
        ],
      },
      "get": {
        "description": "Lists API key metadata. Plaintext key secrets are only returned by \`POST /v1/keys\` and are omitted here.",
        "operationId": "getV1Keys",
        "parameters": [
          {
            "in": "query",
            "name": "offset",
            "required": false,
            "schema": {
              "description": "Zero-based number of records to skip.",
              "examples": [
                "0",
                "25",
              ],
              "type": "string",
            },
          },
          {
            "in": "query",
            "name": "limit",
            "required": false,
            "schema": {
              "description": "Maximum number of records to return.",
              "examples": [
                "25",
                "100",
              ],
              "type": "string",
            },
          },
        ],
        "security": [
          {
            "ApiTokenAuth": [],
          },
        ],
        "summary": "List API keys",
        "tags": [
          "Access Control",
        ],
      },
      "post": {
        "description": "Creates an API key and returns the plaintext secret once. The first key can be created without authentication; after one key exists this route also requires \`x-api-token\`.",
        "operationId": "postV1Keys",
        "requestBody": {
          "content": {
            "application/json": {
              "schema": {
                "properties": {
                  "id": {
                    "description": "Optional key id. If omitted, OnlyDoge generates a \`key_\` id.",
                    "examples": [
                      "key_operator",
                    ],
                    "type": "string",
                  },
                },
                "type": "object",
              },
            },
            "application/x-www-form-urlencoded": {
              "schema": {
                "properties": {
                  "id": {
                    "description": "Optional key id. If omitted, OnlyDoge generates a \`key_\` id.",
                    "examples": [
                      "key_operator",
                    ],
                    "type": "string",
                  },
                },
                "type": "object",
              },
            },
            "multipart/form-data": {
              "schema": {
                "properties": {
                  "id": {
                    "description": "Optional key id. If omitted, OnlyDoge generates a \`key_\` id.",
                    "examples": [
                      "key_operator",
                    ],
                    "type": "string",
                  },
                },
                "type": "object",
              },
            },
          },
          "required": true,
        },
        "summary": "Create API key",
        "tags": [
          "Access Control",
        ],
      },
    },
    "/v1/keys/{id}": {
      "get": {
        "description": "Returns metadata for one API key without exposing the plaintext secret.",
        "operationId": "getV1KeysById",
        "parameters": [
          {
            "in": "path",
            "name": "id",
            "required": true,
            "schema": {
              "description": "API key id.",
              "examples": [
                "key_operator",
              ],
              "type": "string",
            },
          },
        ],
        "security": [
          {
            "ApiTokenAuth": [],
          },
        ],
        "summary": "Get API key",
        "tags": [
          "Access Control",
        ],
      },
      "put": {
        "description": "Activates or deactivates an API key. Deactivated keys can no longer authenticate protected routes.",
        "operationId": "putV1KeysById",
        "parameters": [
          {
            "in": "path",
            "name": "id",
            "required": true,
            "schema": {
              "description": "API key id.",
              "examples": [
                "key_operator",
              ],
              "type": "string",
            },
          },
        ],
        "requestBody": {
          "content": {
            "application/json": {
              "schema": {
                "properties": {
                  "isActive": {
                    "description": "Whether this key can authenticate requests.",
                    "examples": [
                      false,
                    ],
                    "type": "boolean",
                  },
                },
                "type": "object",
              },
            },
            "application/x-www-form-urlencoded": {
              "schema": {
                "properties": {
                  "isActive": {
                    "description": "Whether this key can authenticate requests.",
                    "examples": [
                      false,
                    ],
                    "type": "boolean",
                  },
                },
                "type": "object",
              },
            },
            "multipart/form-data": {
              "schema": {
                "properties": {
                  "isActive": {
                    "description": "Whether this key can authenticate requests.",
                    "examples": [
                      false,
                    ],
                    "type": "boolean",
                  },
                },
                "type": "object",
              },
            },
          },
          "required": true,
        },
        "responses": {
          "204": {
            "description": "API key updated.",
          },
        },
        "security": [
          {
            "ApiTokenAuth": [],
          },
        ],
        "summary": "Update API key",
        "tags": [
          "Access Control",
        ],
      },
    },
    "/v1/networks/": {
      "delete": {
        "description": "Soft-deletes one or more networks and their associated address labels.",
        "operationId": "deleteV1Networks",
        "requestBody": {
          "content": {
            "application/json": {
              "schema": {
                "properties": {
                  "networks": {
                    "description": "Network ids to delete.",
                    "items": {
                      "description": "Network id.",
                      "examples": [
                        "net_dogecoin",
                      ],
                      "type": "string",
                    },
                    "type": "array",
                  },
                },
                "required": [
                  "networks",
                ],
                "type": "object",
              },
            },
            "application/x-www-form-urlencoded": {
              "schema": {
                "properties": {
                  "networks": {
                    "description": "Network ids to delete.",
                    "items": {
                      "description": "Network id.",
                      "examples": [
                        "net_dogecoin",
                      ],
                      "type": "string",
                    },
                    "type": "array",
                  },
                },
                "required": [
                  "networks",
                ],
                "type": "object",
              },
            },
            "multipart/form-data": {
              "schema": {
                "properties": {
                  "networks": {
                    "description": "Network ids to delete.",
                    "items": {
                      "description": "Network id.",
                      "examples": [
                        "net_dogecoin",
                      ],
                      "type": "string",
                    },
                    "type": "array",
                  },
                },
                "required": [
                  "networks",
                ],
                "type": "object",
              },
            },
          },
          "required": true,
        },
        "responses": {
          "204": {
            "description": "Networks deleted.",
          },
        },
        "security": [
          {
            "ApiTokenAuth": [],
          },
        ],
        "summary": "Delete networks",
        "tags": [
          "Network Catalog",
        ],
      },
      "get": {
        "description": "Lists active configured networks.",
        "operationId": "getV1Networks",
        "parameters": [
          {
            "in": "query",
            "name": "offset",
            "required": false,
            "schema": {
              "description": "Zero-based number of records to skip.",
              "examples": [
                "0",
                "25",
              ],
              "type": "string",
            },
          },
          {
            "in": "query",
            "name": "limit",
            "required": false,
            "schema": {
              "description": "Maximum number of records to return.",
              "examples": [
                "25",
                "100",
              ],
              "type": "string",
            },
          },
        ],
        "security": [
          {
            "ApiTokenAuth": [],
          },
        ],
        "summary": "List networks",
        "tags": [
          "Network Catalog",
        ],
      },
      "post": {
        "description": "Registers a Dogecoin network for indexing. The RPC endpoint is health-checked before the network is saved.",
        "operationId": "postV1Networks",
        "requestBody": {
          "content": {
            "application/json": {
              "schema": {
                "properties": {
                  "architecture": {
                    "const": "dogecoin",
                    "description": "Network family. Only Dogecoin is currently supported.",
                    "type": "string",
                  },
                  "blockTime": {
                    "description": "Expected block interval in seconds.",
                    "examples": [
                      60,
                    ],
                    "type": "number",
                  },
                  "chainId": {
                    "description": "Chain id namespace for this network.",
                    "examples": [
                      0,
                    ],
                    "type": "number",
                  },
                  "id": {
                    "description": "Optional network id. If omitted, OnlyDoge generates a \`net_\` id.",
                    "examples": [
                      "net_dogecoin",
                    ],
                    "type": "string",
                  },
                  "name": {
                    "description": "Human-readable network name.",
                    "examples": [
                      "Dogecoin Mainnet",
                    ],
                    "type": "string",
                  },
                  "rpcEndpoint": {
                    "description": "Dogecoin Core JSON-RPC endpoint. Credentials are accepted in the URL but are masked in responses and logs.",
                    "examples": [
                      "https://user:pass@doge.example/rpc",
                    ],
                    "type": "string",
                  },
                  "rps": {
                    "description": "RPC request-per-second budget for indexing work.",
                    "examples": [
                      100,
                    ],
                    "type": "number",
                  },
                  "zmqBlockEndpoint": {
                    "anyOf": [
                      {
                        "description": "Optional Dogecoin Core ZMQ block endpoint.",
                        "examples": [
                          "tcp://127.0.0.1:28332",
                        ],
                        "type": "string",
                      },
                      {
                        "type": "null",
                      },
                    ],
                    "nullable": true,
                  },
                },
                "required": [
                  "name",
                  "architecture",
                  "blockTime",
                  "rpcEndpoint",
                ],
                "type": "object",
              },
            },
            "application/x-www-form-urlencoded": {
              "schema": {
                "properties": {
                  "architecture": {
                    "const": "dogecoin",
                    "description": "Network family. Only Dogecoin is currently supported.",
                    "type": "string",
                  },
                  "blockTime": {
                    "description": "Expected block interval in seconds.",
                    "examples": [
                      60,
                    ],
                    "type": "number",
                  },
                  "chainId": {
                    "description": "Chain id namespace for this network.",
                    "examples": [
                      0,
                    ],
                    "type": "number",
                  },
                  "id": {
                    "description": "Optional network id. If omitted, OnlyDoge generates a \`net_\` id.",
                    "examples": [
                      "net_dogecoin",
                    ],
                    "type": "string",
                  },
                  "name": {
                    "description": "Human-readable network name.",
                    "examples": [
                      "Dogecoin Mainnet",
                    ],
                    "type": "string",
                  },
                  "rpcEndpoint": {
                    "description": "Dogecoin Core JSON-RPC endpoint. Credentials are accepted in the URL but are masked in responses and logs.",
                    "examples": [
                      "https://user:pass@doge.example/rpc",
                    ],
                    "type": "string",
                  },
                  "rps": {
                    "description": "RPC request-per-second budget for indexing work.",
                    "examples": [
                      100,
                    ],
                    "type": "number",
                  },
                  "zmqBlockEndpoint": {
                    "anyOf": [
                      {
                        "description": "Optional Dogecoin Core ZMQ block endpoint.",
                        "examples": [
                          "tcp://127.0.0.1:28332",
                        ],
                        "type": "string",
                      },
                      {
                        "type": "null",
                      },
                    ],
                    "nullable": true,
                  },
                },
                "required": [
                  "name",
                  "architecture",
                  "blockTime",
                  "rpcEndpoint",
                ],
                "type": "object",
              },
            },
            "multipart/form-data": {
              "schema": {
                "properties": {
                  "architecture": {
                    "const": "dogecoin",
                    "description": "Network family. Only Dogecoin is currently supported.",
                    "type": "string",
                  },
                  "blockTime": {
                    "description": "Expected block interval in seconds.",
                    "examples": [
                      60,
                    ],
                    "type": "number",
                  },
                  "chainId": {
                    "description": "Chain id namespace for this network.",
                    "examples": [
                      0,
                    ],
                    "type": "number",
                  },
                  "id": {
                    "description": "Optional network id. If omitted, OnlyDoge generates a \`net_\` id.",
                    "examples": [
                      "net_dogecoin",
                    ],
                    "type": "string",
                  },
                  "name": {
                    "description": "Human-readable network name.",
                    "examples": [
                      "Dogecoin Mainnet",
                    ],
                    "type": "string",
                  },
                  "rpcEndpoint": {
                    "description": "Dogecoin Core JSON-RPC endpoint. Credentials are accepted in the URL but are masked in responses and logs.",
                    "examples": [
                      "https://user:pass@doge.example/rpc",
                    ],
                    "type": "string",
                  },
                  "rps": {
                    "description": "RPC request-per-second budget for indexing work.",
                    "examples": [
                      100,
                    ],
                    "type": "number",
                  },
                  "zmqBlockEndpoint": {
                    "anyOf": [
                      {
                        "description": "Optional Dogecoin Core ZMQ block endpoint.",
                        "examples": [
                          "tcp://127.0.0.1:28332",
                        ],
                        "type": "string",
                      },
                      {
                        "type": "null",
                      },
                    ],
                    "nullable": true,
                  },
                },
                "required": [
                  "name",
                  "architecture",
                  "blockTime",
                  "rpcEndpoint",
                ],
                "type": "object",
              },
            },
          },
          "required": true,
        },
        "security": [
          {
            "ApiTokenAuth": [],
          },
        ],
        "summary": "Create network",
        "tags": [
          "Network Catalog",
        ],
      },
    },
    "/v1/networks/{id}": {
      "get": {
        "description": "Returns one active network by id.",
        "operationId": "getV1NetworksById",
        "parameters": [
          {
            "in": "path",
            "name": "id",
            "required": true,
            "schema": {
              "description": "Network id.",
              "examples": [
                "net_dogecoin",
              ],
              "type": "string",
            },
          },
        ],
        "security": [
          {
            "ApiTokenAuth": [],
          },
        ],
        "summary": "Get network",
        "tags": [
          "Network Catalog",
        ],
      },
      "put": {
        "description": "Updates mutable network settings. Updated RPC endpoints are health-checked before saving.",
        "operationId": "putV1NetworksById",
        "parameters": [
          {
            "in": "path",
            "name": "id",
            "required": true,
            "schema": {
              "description": "Network id.",
              "examples": [
                "net_dogecoin",
              ],
              "type": "string",
            },
          },
        ],
        "requestBody": {
          "content": {
            "application/json": {
              "schema": {
                "properties": {
                  "architecture": {
                    "const": "dogecoin",
                    "description": "Network family. Only Dogecoin is currently supported.",
                    "type": "string",
                  },
                  "blockTime": {
                    "description": "Expected block interval in seconds.",
                    "examples": [
                      60,
                    ],
                    "type": "number",
                  },
                  "chainId": {
                    "description": "Chain id namespace for this network.",
                    "examples": [
                      0,
                    ],
                    "type": "number",
                  },
                  "name": {
                    "description": "Human-readable network name.",
                    "examples": [
                      "Dogecoin Mainnet",
                    ],
                    "type": "string",
                  },
                  "rpcEndpoint": {
                    "description": "Dogecoin Core JSON-RPC endpoint. Credentials are accepted in the URL but are masked in responses and logs.",
                    "examples": [
                      "https://user:pass@doge.example/rpc",
                    ],
                    "type": "string",
                  },
                  "rps": {
                    "description": "RPC request-per-second budget for indexing work.",
                    "examples": [
                      100,
                    ],
                    "type": "number",
                  },
                  "zmqBlockEndpoint": {
                    "anyOf": [
                      {
                        "description": "Optional Dogecoin Core ZMQ block endpoint.",
                        "examples": [
                          "tcp://127.0.0.1:28332",
                        ],
                        "type": "string",
                      },
                      {
                        "type": "null",
                      },
                    ],
                    "nullable": true,
                  },
                },
                "type": "object",
              },
            },
            "application/x-www-form-urlencoded": {
              "schema": {
                "properties": {
                  "architecture": {
                    "const": "dogecoin",
                    "description": "Network family. Only Dogecoin is currently supported.",
                    "type": "string",
                  },
                  "blockTime": {
                    "description": "Expected block interval in seconds.",
                    "examples": [
                      60,
                    ],
                    "type": "number",
                  },
                  "chainId": {
                    "description": "Chain id namespace for this network.",
                    "examples": [
                      0,
                    ],
                    "type": "number",
                  },
                  "name": {
                    "description": "Human-readable network name.",
                    "examples": [
                      "Dogecoin Mainnet",
                    ],
                    "type": "string",
                  },
                  "rpcEndpoint": {
                    "description": "Dogecoin Core JSON-RPC endpoint. Credentials are accepted in the URL but are masked in responses and logs.",
                    "examples": [
                      "https://user:pass@doge.example/rpc",
                    ],
                    "type": "string",
                  },
                  "rps": {
                    "description": "RPC request-per-second budget for indexing work.",
                    "examples": [
                      100,
                    ],
                    "type": "number",
                  },
                  "zmqBlockEndpoint": {
                    "anyOf": [
                      {
                        "description": "Optional Dogecoin Core ZMQ block endpoint.",
                        "examples": [
                          "tcp://127.0.0.1:28332",
                        ],
                        "type": "string",
                      },
                      {
                        "type": "null",
                      },
                    ],
                    "nullable": true,
                  },
                },
                "type": "object",
              },
            },
            "multipart/form-data": {
              "schema": {
                "properties": {
                  "architecture": {
                    "const": "dogecoin",
                    "description": "Network family. Only Dogecoin is currently supported.",
                    "type": "string",
                  },
                  "blockTime": {
                    "description": "Expected block interval in seconds.",
                    "examples": [
                      60,
                    ],
                    "type": "number",
                  },
                  "chainId": {
                    "description": "Chain id namespace for this network.",
                    "examples": [
                      0,
                    ],
                    "type": "number",
                  },
                  "name": {
                    "description": "Human-readable network name.",
                    "examples": [
                      "Dogecoin Mainnet",
                    ],
                    "type": "string",
                  },
                  "rpcEndpoint": {
                    "description": "Dogecoin Core JSON-RPC endpoint. Credentials are accepted in the URL but are masked in responses and logs.",
                    "examples": [
                      "https://user:pass@doge.example/rpc",
                    ],
                    "type": "string",
                  },
                  "rps": {
                    "description": "RPC request-per-second budget for indexing work.",
                    "examples": [
                      100,
                    ],
                    "type": "number",
                  },
                  "zmqBlockEndpoint": {
                    "anyOf": [
                      {
                        "description": "Optional Dogecoin Core ZMQ block endpoint.",
                        "examples": [
                          "tcp://127.0.0.1:28332",
                        ],
                        "type": "string",
                      },
                      {
                        "type": "null",
                      },
                    ],
                    "nullable": true,
                  },
                },
                "type": "object",
              },
            },
          },
          "required": true,
        },
        "responses": {
          "204": {
            "description": "Network updated.",
          },
        },
        "security": [
          {
            "ApiTokenAuth": [],
          },
        ],
        "summary": "Update network",
        "tags": [
          "Network Catalog",
        ],
      },
    },
    "/v1/stats/": {
      "get": {
        "description": "Returns per-network indexing progress, online-tip visibility, stage, and latest error information.",
        "operationId": "getV1Stats",
        "security": [
          {
            "ApiTokenAuth": [],
          },
        ],
        "summary": "Get indexing stats",
        "tags": [
          "Investigation",
        ],
      },
    },
    "/v1/tags/": {
      "delete": {
        "description": "Deletes one or more tags by id.",
        "operationId": "deleteV1Tags",
        "requestBody": {
          "content": {
            "application/json": {
              "schema": {
                "properties": {
                  "tags": {
                    "description": "Tag ids to delete.",
                    "items": {
                      "description": "Tag id.",
                      "examples": [
                        "tag_sanctions",
                      ],
                      "type": "string",
                    },
                    "type": "array",
                  },
                },
                "required": [
                  "tags",
                ],
                "type": "object",
              },
            },
            "application/x-www-form-urlencoded": {
              "schema": {
                "properties": {
                  "tags": {
                    "description": "Tag ids to delete.",
                    "items": {
                      "description": "Tag id.",
                      "examples": [
                        "tag_sanctions",
                      ],
                      "type": "string",
                    },
                    "type": "array",
                  },
                },
                "required": [
                  "tags",
                ],
                "type": "object",
              },
            },
            "multipart/form-data": {
              "schema": {
                "properties": {
                  "tags": {
                    "description": "Tag ids to delete.",
                    "items": {
                      "description": "Tag id.",
                      "examples": [
                        "tag_sanctions",
                      ],
                      "type": "string",
                    },
                    "type": "array",
                  },
                },
                "required": [
                  "tags",
                ],
                "type": "object",
              },
            },
          },
          "required": true,
        },
        "responses": {
          "204": {
            "description": "Tags deleted.",
          },
        },
        "security": [
          {
            "ApiTokenAuth": [],
          },
        ],
        "summary": "Delete tags",
        "tags": [
          "Entity Labeling",
        ],
      },
      "get": {
        "description": "Lists tags with related entities, address labels, and network summaries.",
        "operationId": "getV1Tags",
        "parameters": [
          {
            "in": "query",
            "name": "offset",
            "required": false,
            "schema": {
              "description": "Zero-based number of records to skip.",
              "examples": [
                "0",
                "25",
              ],
              "type": "string",
            },
          },
          {
            "in": "query",
            "name": "limit",
            "required": false,
            "schema": {
              "description": "Maximum number of records to return.",
              "examples": [
                "25",
                "100",
              ],
              "type": "string",
            },
          },
        ],
        "security": [
          {
            "ApiTokenAuth": [],
          },
        ],
        "summary": "List tags",
        "tags": [
          "Entity Labeling",
        ],
      },
      "post": {
        "description": "Creates a reusable risk tag that can be assigned to investigation entities.",
        "operationId": "postV1Tags",
        "requestBody": {
          "content": {
            "application/json": {
              "schema": {
                "properties": {
                  "id": {
                    "description": "Optional tag id. If omitted, OnlyDoge generates a \`tag_\` id.",
                    "examples": [
                      "tag_sanctions",
                    ],
                    "type": "string",
                  },
                  "name": {
                    "description": "Tag display name.",
                    "examples": [
                      "Sanctions",
                    ],
                    "type": "string",
                  },
                  "riskLevel": {
                    "enum": [
                      "low",
                      "high",
                    ],
                    "type": "string",
                  },
                },
                "required": [
                  "name",
                  "riskLevel",
                ],
                "type": "object",
              },
            },
            "application/x-www-form-urlencoded": {
              "schema": {
                "properties": {
                  "id": {
                    "description": "Optional tag id. If omitted, OnlyDoge generates a \`tag_\` id.",
                    "examples": [
                      "tag_sanctions",
                    ],
                    "type": "string",
                  },
                  "name": {
                    "description": "Tag display name.",
                    "examples": [
                      "Sanctions",
                    ],
                    "type": "string",
                  },
                  "riskLevel": {
                    "enum": [
                      "low",
                      "high",
                    ],
                    "type": "string",
                  },
                },
                "required": [
                  "name",
                  "riskLevel",
                ],
                "type": "object",
              },
            },
            "multipart/form-data": {
              "schema": {
                "properties": {
                  "id": {
                    "description": "Optional tag id. If omitted, OnlyDoge generates a \`tag_\` id.",
                    "examples": [
                      "tag_sanctions",
                    ],
                    "type": "string",
                  },
                  "name": {
                    "description": "Tag display name.",
                    "examples": [
                      "Sanctions",
                    ],
                    "type": "string",
                  },
                  "riskLevel": {
                    "enum": [
                      "low",
                      "high",
                    ],
                    "type": "string",
                  },
                },
                "required": [
                  "name",
                  "riskLevel",
                ],
                "type": "object",
              },
            },
          },
          "required": true,
        },
        "security": [
          {
            "ApiTokenAuth": [],
          },
        ],
        "summary": "Create tag",
        "tags": [
          "Entity Labeling",
        ],
      },
    },
    "/v1/tags/{id}": {
      "get": {
        "description": "Returns one risk tag with related entities, address labels, and network summaries.",
        "operationId": "getV1TagsById",
        "parameters": [
          {
            "in": "path",
            "name": "id",
            "required": true,
            "schema": {
              "description": "Tag id.",
              "examples": [
                "tag_sanctions",
              ],
              "type": "string",
            },
          },
        ],
        "security": [
          {
            "ApiTokenAuth": [],
          },
        ],
        "summary": "Get tag",
        "tags": [
          "Entity Labeling",
        ],
      },
      "put": {
        "description": "Updates the display name or risk level for a tag.",
        "operationId": "putV1TagsById",
        "parameters": [
          {
            "in": "path",
            "name": "id",
            "required": true,
            "schema": {
              "description": "Tag id.",
              "examples": [
                "tag_sanctions",
              ],
              "type": "string",
            },
          },
        ],
        "requestBody": {
          "content": {
            "application/json": {
              "schema": {
                "properties": {
                  "name": {
                    "description": "Tag display name.",
                    "examples": [
                      "Sanctions",
                    ],
                    "type": "string",
                  },
                  "riskLevel": {
                    "enum": [
                      "low",
                      "high",
                    ],
                    "type": "string",
                  },
                },
                "type": "object",
              },
            },
            "application/x-www-form-urlencoded": {
              "schema": {
                "properties": {
                  "name": {
                    "description": "Tag display name.",
                    "examples": [
                      "Sanctions",
                    ],
                    "type": "string",
                  },
                  "riskLevel": {
                    "enum": [
                      "low",
                      "high",
                    ],
                    "type": "string",
                  },
                },
                "type": "object",
              },
            },
            "multipart/form-data": {
              "schema": {
                "properties": {
                  "name": {
                    "description": "Tag display name.",
                    "examples": [
                      "Sanctions",
                    ],
                    "type": "string",
                  },
                  "riskLevel": {
                    "enum": [
                      "low",
                      "high",
                    ],
                    "type": "string",
                  },
                },
                "type": "object",
              },
            },
          },
          "required": true,
        },
        "responses": {
          "204": {
            "description": "Tag updated.",
          },
        },
        "security": [
          {
            "ApiTokenAuth": [],
          },
        ],
        "summary": "Update tag",
        "tags": [
          "Entity Labeling",
        ],
      },
    },
    "/v1/tokens/": {
      "delete": {
        "description": "Deletes one or more token metadata records.",
        "operationId": "deleteV1Tokens",
        "requestBody": {
          "content": {
            "application/json": {
              "schema": {
                "properties": {
                  "tokens": {
                    "description": "Token ids to delete.",
                    "items": {
                      "description": "Token id.",
                      "examples": [
                        "tok_wrapped_doge",
                      ],
                      "type": "string",
                    },
                    "type": "array",
                  },
                },
                "required": [
                  "tokens",
                ],
                "type": "object",
              },
            },
            "application/x-www-form-urlencoded": {
              "schema": {
                "properties": {
                  "tokens": {
                    "description": "Token ids to delete.",
                    "items": {
                      "description": "Token id.",
                      "examples": [
                        "tok_wrapped_doge",
                      ],
                      "type": "string",
                    },
                    "type": "array",
                  },
                },
                "required": [
                  "tokens",
                ],
                "type": "object",
              },
            },
            "multipart/form-data": {
              "schema": {
                "properties": {
                  "tokens": {
                    "description": "Token ids to delete.",
                    "items": {
                      "description": "Token id.",
                      "examples": [
                        "tok_wrapped_doge",
                      ],
                      "type": "string",
                    },
                    "type": "array",
                  },
                },
                "required": [
                  "tokens",
                ],
                "type": "object",
              },
            },
          },
          "required": true,
        },
        "responses": {
          "204": {
            "description": "Tokens deleted.",
          },
        },
        "security": [
          {
            "ApiTokenAuth": [],
          },
        ],
        "summary": "Delete tokens",
        "tags": [
          "Network Catalog",
        ],
      },
      "get": {
        "description": "Lists token metadata with related network summaries.",
        "operationId": "getV1Tokens",
        "parameters": [
          {
            "in": "query",
            "name": "offset",
            "required": false,
            "schema": {
              "description": "Zero-based number of records to skip.",
              "examples": [
                "0",
                "25",
              ],
              "type": "string",
            },
          },
          {
            "in": "query",
            "name": "limit",
            "required": false,
            "schema": {
              "description": "Maximum number of records to return.",
              "examples": [
                "25",
                "100",
              ],
              "type": "string",
            },
          },
        ],
        "security": [
          {
            "ApiTokenAuth": [],
          },
        ],
        "summary": "List tokens",
        "tags": [
          "Network Catalog",
        ],
      },
      "post": {
        "description": "Registers token metadata for an existing network.",
        "operationId": "postV1Tokens",
        "requestBody": {
          "content": {
            "application/json": {
              "schema": {
                "properties": {
                  "address": {
                    "description": "Token contract or asset address when applicable.",
                    "examples": [
                      "DTokenAddress123",
                    ],
                    "type": "string",
                  },
                  "decimals": {
                    "description": "Token decimal precision.",
                    "examples": [
                      8,
                    ],
                    "type": "number",
                  },
                  "id": {
                    "description": "Optional token id. If omitted, OnlyDoge generates a \`tok_\` id.",
                    "examples": [
                      "tok_wrapped_doge",
                    ],
                    "type": "string",
                  },
                  "name": {
                    "description": "Token display name.",
                    "examples": [
                      "Wrapped Dogecoin",
                    ],
                    "type": "string",
                  },
                  "network": {
                    "description": "Network id this token belongs to.",
                    "examples": [
                      "net_dogecoin",
                    ],
                    "type": "string",
                  },
                  "symbol": {
                    "description": "Token ticker or short symbol.",
                    "examples": [
                      "WDOGE",
                    ],
                    "type": "string",
                  },
                },
                "required": [
                  "network",
                  "name",
                  "symbol",
                  "decimals",
                ],
                "type": "object",
              },
            },
            "application/x-www-form-urlencoded": {
              "schema": {
                "properties": {
                  "address": {
                    "description": "Token contract or asset address when applicable.",
                    "examples": [
                      "DTokenAddress123",
                    ],
                    "type": "string",
                  },
                  "decimals": {
                    "description": "Token decimal precision.",
                    "examples": [
                      8,
                    ],
                    "type": "number",
                  },
                  "id": {
                    "description": "Optional token id. If omitted, OnlyDoge generates a \`tok_\` id.",
                    "examples": [
                      "tok_wrapped_doge",
                    ],
                    "type": "string",
                  },
                  "name": {
                    "description": "Token display name.",
                    "examples": [
                      "Wrapped Dogecoin",
                    ],
                    "type": "string",
                  },
                  "network": {
                    "description": "Network id this token belongs to.",
                    "examples": [
                      "net_dogecoin",
                    ],
                    "type": "string",
                  },
                  "symbol": {
                    "description": "Token ticker or short symbol.",
                    "examples": [
                      "WDOGE",
                    ],
                    "type": "string",
                  },
                },
                "required": [
                  "network",
                  "name",
                  "symbol",
                  "decimals",
                ],
                "type": "object",
              },
            },
            "multipart/form-data": {
              "schema": {
                "properties": {
                  "address": {
                    "description": "Token contract or asset address when applicable.",
                    "examples": [
                      "DTokenAddress123",
                    ],
                    "type": "string",
                  },
                  "decimals": {
                    "description": "Token decimal precision.",
                    "examples": [
                      8,
                    ],
                    "type": "number",
                  },
                  "id": {
                    "description": "Optional token id. If omitted, OnlyDoge generates a \`tok_\` id.",
                    "examples": [
                      "tok_wrapped_doge",
                    ],
                    "type": "string",
                  },
                  "name": {
                    "description": "Token display name.",
                    "examples": [
                      "Wrapped Dogecoin",
                    ],
                    "type": "string",
                  },
                  "network": {
                    "description": "Network id this token belongs to.",
                    "examples": [
                      "net_dogecoin",
                    ],
                    "type": "string",
                  },
                  "symbol": {
                    "description": "Token ticker or short symbol.",
                    "examples": [
                      "WDOGE",
                    ],
                    "type": "string",
                  },
                },
                "required": [
                  "network",
                  "name",
                  "symbol",
                  "decimals",
                ],
                "type": "object",
              },
            },
          },
          "required": true,
        },
        "security": [
          {
            "ApiTokenAuth": [],
          },
        ],
        "summary": "Create token",
        "tags": [
          "Network Catalog",
        ],
      },
    },
    "/v1/tokens/{id}": {
      "get": {
        "description": "Returns token metadata and its related network summary.",
        "operationId": "getV1TokensById",
        "parameters": [
          {
            "in": "path",
            "name": "id",
            "required": true,
            "schema": {
              "description": "Token id.",
              "examples": [
                "tok_wrapped_doge",
              ],
              "type": "string",
            },
          },
        ],
        "security": [
          {
            "ApiTokenAuth": [],
          },
        ],
        "summary": "Get token",
        "tags": [
          "Network Catalog",
        ],
      },
    },
  },
  "servers": [
    {
      "description": "Current API origin",
      "url": "/",
    },
  ],
  "tags": [
    {
      "description": "Bootstrap, inspect, rotate, deactivate, and delete API keys.",
      "name": "Access Control",
    },
    {
      "description": "Configure indexed Dogecoin networks and their token metadata.",
      "name": "Network Catalog",
    },
    {
      "description": "Maintain entities, labels, tagged addresses, and risk tags.",
      "name": "Entity Labeling",
    },
    {
      "description": "Read indexed Dogecoin blocks, transactions, addresses, UTXOs, and search results.",
      "name": "Explorer",
    },
    {
      "description": "Run address/entity lookups and inspect indexer health signals.",
      "name": "Investigation",
    },
    {
      "description": "Public runtime health checks.",
      "name": "Health",
    },
  ],
}
`;
