2026-08-30 22:51:23+00:00 [Note] [Entrypoint]: Entrypoint script for MySQL Server 8.4.5-1.el9 started.
2026-08-30 22:51:23+00:00 [Note] [Entrypoint]: Switching to dedicated user 'mysql'
2026-08-30 22:51:23+00:00 [Note] [Entrypoint]: Entrypoint script for MySQL Server 8.4.5-1.el9 started.
2026-08-30 22:51:23+00:00 [Note] [Entrypoint]: Initializing database files
2026-08-30 22:51:26+00:00 [Note] [Entrypoint]: Database files initialized
2026-08-30 22:51:26+00:00 [Note] [Entrypoint]: Starting temporary server
2026-08-30 22:51:27+00:00 [Note] [Entrypoint]: Temporary server started.
'/var/lib/mysql/mysql.sock' -> '/var/run/mysqld/mysqld.sock'
2026-08-30 22:51:27+00:00 [Note] [Entrypoint]: Creating database onlydoge
2026-08-30 22:51:27+00:00 [Note] [Entrypoint]: Creating user onlydoge
2026-08-30 22:51:27+00:00 [Note] [Entrypoint]: Giving user onlydoge access to schema onlydoge

2026-08-30 22:51:27+00:00 [Note] [Entrypoint]: Stopping temporary server
2026-08-30 22:51:28+00:00 [Note] [Entrypoint]: Temporary server stopped

2026-08-30 22:51:28+00:00 [Note] [Entrypoint]: MySQL init process done. Ready for start up.

2026-08-30T22:51:23.444538Z 0 [System] [MY-015017] [Server] MySQL Server Initialization - start.
2026-08-30T22:51:23.445060Z 0 [System] [MY-013169] [Server] /usr/sbin/mysqld (mysqld 8.4.5) initializing of server in progress as process 79
2026-08-30T22:51:23.486510Z 1 [System] [MY-013576] [InnoDB] InnoDB initialization has started.
2026-08-30T22:51:23.648290Z 1 [System] [MY-013577] [InnoDB] InnoDB initialization has ended.
2026-08-30T22:51:24.523422Z 6 [Warning] [MY-010453] [Server] root@localhost is created with an empty password ! Please consider switching off the --initialize-insecure option.
2026-08-30T22:51:26.614708Z 0 [System] [MY-015018] [Server] MySQL Server Initialization - end.
2026-08-30T22:51:26.822751Z 0 [System] [MY-015015] [Server] MySQL Server - start.
2026-08-30T22:51:26.965044Z 0 [System] [MY-010116] [Server] /usr/sbin/mysqld (mysqld 8.4.5) starting as process 120
2026-08-30T22:51:26.973881Z 1 [System] [MY-013576] [InnoDB] InnoDB initialization has started.
2026-08-30T22:51:27.091611Z 1 [System] [MY-013577] [InnoDB] InnoDB initialization has ended.
2026-08-30T22:51:27.229843Z 0 [Warning] [MY-010068] [Server] CA certificate ca.pem is self signed.
2026-08-30T22:51:27.229895Z 0 [System] [MY-013602] [Server] Channel mysql_main configured to support TLS. Encrypted connections are now supported for this channel.
2026-08-30T22:51:27.230996Z 0 [Warning] [MY-011810] [Server] Insecure configuration for --pid-file: Location '/var/run/mysqld' in the path is accessible to all OS users. Consider choosing a different directory.
2026-08-30T22:51:27.239990Z 0 [System] [MY-011323] [Server] X Plugin ready for connections. Socket: /var/run/mysqld/mysqlx.sock
2026-08-30T22:51:27.240032Z 0 [System] [MY-010931] [Server] /usr/sbin/mysqld: ready for connections. Version: '8.4.5'  socket: '/var/run/mysqld/mysqld.sock'  port: 0  MySQL Community Server - GPL.
Warning: Unable to load '/usr/share/zoneinfo/iso3166.tab' as time zone. Skipping it.
Warning: Unable to load '/usr/share/zoneinfo/leap-seconds.list' as time zone. Skipping it.
Warning: Unable to load '/usr/share/zoneinfo/leapseconds' as time zone. Skipping it.
Warning: Unable to load '/usr/share/zoneinfo/tzdata.zi' as time zone. Skipping it.
Warning: Unable to load '/usr/share/zoneinfo/zone.tab' as time zone. Skipping it.
Warning: Unable to load '/usr/share/zoneinfo/zone1970.tab' as time zone. Skipping it.
2026-08-30T22:51:27.901645Z 13 [System] [MY-013172] [Server] Received SHUTDOWN from user root. Shutting down mysqld (Version: 8.4.5).
2026-08-30T22:51:28.757105Z 0 [System] [MY-010910] [Server] /usr/sbin/mysqld: Shutdown complete (mysqld 8.4.5)  MySQL Community Server - GPL.
2026-08-30T22:51:28.757118Z 0 [System] [MY-015016] [Server] MySQL Server - end.
2026-08-30T22:51:28.933573Z 0 [System] [MY-015015] [Server] MySQL Server - start.
2026-08-30T22:51:29.075072Z 0 [System] [MY-010116] [Server] /usr/sbin/mysqld (mysqld 8.4.5) starting as process 1
2026-08-30T22:51:29.077795Z 1 [System] [MY-013576] [InnoDB] InnoDB initialization has started.
2026-08-30T22:51:29.156967Z 1 [System] [MY-013577] [InnoDB] InnoDB initialization has ended.
2026-08-30T22:51:29.286347Z 0 [Warning] [MY-010068] [Server] CA certificate ca.pem is self signed.
2026-08-30T22:51:29.286397Z 0 [System] [MY-013602] [Server] Channel mysql_main configured to support TLS. Encrypted connections are now supported for this channel.
2026-08-30T22:51:29.287436Z 0 [Warning] [MY-011810] [Server] Insecure configuration for --pid-file: Location '/var/run/mysqld' in the path is accessible to all OS users. Consider choosing a different directory.
2026-08-30T22:51:29.293698Z 0 [System] [MY-011323] [Server] X Plugin ready for connections. Bind-address: '::' port: 33060, socket: /var/run/mysqld/mysqlx.sock
2026-08-30T22:51:29.293721Z 0 [System] [MY-010931] [Server] /usr/sbin/mysqld: ready for connections. Version: '8.4.5'  socket: '/var/run/mysqld/mysqld.sock'  port: 3306  MySQL Community Server - GPL.
